---
http_interactions:
- request:
    method: get
    uri: https://api.twitter.com/1.1/users/show.json?screen_name=
    body:
      encoding: US-ASCII
      string: ''
    headers:
      Accept-Encoding:
      - gzip;q=1.0,deflate;q=0.6,identity;q=0.3
      Accept:
      - "*/*"
      User-Agent:
      - OAuth gem v0.4.7
      Authorization:
      - OAuth oauth_consumer_key="12345", oauth_nonce="p9RkZoacjuCRiCRbmBFd28a1f6VvvJrY9y5PYWtQ6Q",
        oauth_signature="hgQt%2BpzG2stOe671YKHSi%2FIACwo%3D", oauth_signature_method="HMAC-SHA1",
        oauth_timestamp="1447905743", oauth_token="-uO36580xZFZvVAkv05w0MjU34XWZG7BaBScwb-C2OrlEJeGjEcM0U9SkSCsGhX0zgZpNDsC0MpAI7E7CZSbr7RPgNhupE4MgwxQ2yRq1lHhhSqmMK3QX4t6gIUlAufN8xTmv3xi2eiJRYzObUlp_cfA9uyI4-A0yTSMGH6mlfk",
        oauth_version="1.0"
  response:
    status:
      code: 400
      message: Bad Request
    headers:
      Content-Length:
      - '87'
      Content-Type:
      - application/json; charset=utf-8
      Date:
      - Thu, 19 Nov 2015 04:02:23 GMT
      Server:
      - tsa_a
      Set-Cookie:
      - guest_id=v1%3A144790574391680667; Domain=.twitter.com; Path=/; Expires=Sat,
        18-Nov-2017 04:02:23 UTC
      Strict-Transport-Security:
      - max-age=631138519
      X-Connection-Hash:
      - 12ea7c6b427acc40c9347c3d45973b99
      X-Response-Time:
      - '4'
    body:
      encoding: UTF-8
      string: '{"errors":[{"code":215,"message":"Bad Authentication data."}]}'
    http_version: 
  recorded_at: Thu, 19 Nov 2015 04:02:23 GMT
- request:
    method: post
    uri: https://api.twitter.com/1.1/friendships/create.json
    body:
      encoding: US-ASCII
      string: follow=true&screen_name=bountysource
    headers:
      Accept-Encoding:
      - gzip;q=1.0,deflate;q=0.6,identity;q=0.3
      Accept:
      - "*/*"
      User-Agent:
      - OAuth gem v0.4.7
      Content-Length:
      - '0'
      Content-Type:
      - application/x-www-form-urlencoded
      Authorization:
      - OAuth oauth_consumer_key="12345", oauth_nonce="a67ySBXhxVmgeT1Tu5iNE6ViJlU6BO7p43vjWX3u4",
        oauth_signature="TlJ6nqbRjbsEM6g32ujvJ8Qu2Qk%3D", oauth_signature_method="HMAC-SHA1",
        oauth_timestamp="1447905743", oauth_token="-uO36580xZFZvVAkv05w0MjU34XWZG7BaBScwb-C2OrlEJeGjEcM0U9SkSCsGhX0zgZpNDsC0MpAI7E7CZSbr7RPgNhupE4MgwxQ2yRq1lHhhSqmMK3QX4t6gIUlAufN8xTmv3xi2eiJRYzObUlp_cfA9uyI4-A0yTSMGH6mlfk",
        oauth_version="1.0"
  response:
    status:
      code: 400
      message: Bad Request
    headers:
      Content-Length:
      - '87'
      Content-Type:
      - application/json; charset=utf-8
      Date:
      - Thu, 19 Nov 2015 04:02:24 GMT
      Server:
      - tsa_a
      Set-Cookie:
      - guest_id=v1%3A144790574409571970; Domain=.twitter.com; Path=/; Expires=Sat,
        18-Nov-2017 04:02:24 UTC
      Strict-Transport-Security:
      - max-age=631138519
      X-Connection-Hash:
      - 69ba5d8b87d381d306ad93dc9c322162
      X-Response-Time:
      - '4'
      X-Tsa-Request-Body-Time:
      - '59'
    body:
      encoding: UTF-8
      string: '{"errors":[{"code":215,"message":"Bad Authentication data."}]}'
    http_version: 
  recorded_at: Thu, 19 Nov 2015 04:02:24 GMT
- request:
    method: post
    uri: https://api.twitter.com/1.1/friendships/create.json
    body:
      encoding: US-ASCII
      string: follow=true&screen_name=
    headers:
      Accept-Encoding:
      - gzip;q=1.0,deflate;q=0.6,identity;q=0.3
      Accept:
      - "*/*"
      User-Agent:
      - OAuth gem v0.4.7
      Content-Length:
      - '0'
      Content-Type:
      - application/x-www-form-urlencoded
      Authorization:
      - OAuth oauth_consumer_key="12345", oauth_nonce="qFaDG0ZeYNAEhe3mN8imjzLVtisidXVj5HfoslhLB8",
        oauth_signature="o9mGeZt86ewvcxBEDevC4DOTZOM%3D", oauth_signature_method="HMAC-SHA1",
        oauth_timestamp="1447905744", oauth_token="test", oauth_version="1.0"
  response:
    status:
      code: 401
      message: Authorization Required
    headers:
      Content-Length:
      - '87'
      Content-Type:
      - application/json; charset=utf-8
      Date:
      - Thu, 19 Nov 2015 04:02:24 GMT
      Server:
      - tsa_a
      Set-Cookie:
      - guest_id=v1%3A144790574426200230; Domain=.twitter.com; Path=/; Expires=Sat,
        18-Nov-2017 04:02:24 UTC
      Strict-Transport-Security:
      - max-age=631138519
      X-Connection-Hash:
      - 8020fb362180962025ae533924cb3e50
      X-Response-Time:
      - '6'
      X-Tsa-Request-Body-Time:
      - '59'
    body:
      encoding: UTF-8
      string: '{"errors":[{"code":89,"message":"Invalid or expired token."}]}'
    http_version: 
  recorded_at: Thu, 19 Nov 2015 04:02:24 GMT
- request:
    method: get
    uri: https://api.twitter.com/1.1/users/show.json?screen_name=
    body:
      encoding: US-ASCII
      string: ''
    headers:
      Accept-Encoding:
      - gzip;q=1.0,deflate;q=0.6,identity;q=0.3
      Accept:
      - "*/*"
      User-Agent:
      - OAuth gem v0.4.7
      Authorization:
      - OAuth oauth_consumer_key="12345", oauth_nonce="XewKB5biu2w5MA1zgQa0K3oHjsUopTtSg9EhqW0YviM",
        oauth_signature="DRumy2It8KSioajYXDNmMVWC3SI%3D", oauth_signature_method="HMAC-SHA1",
        oauth_timestamp="1447905744", oauth_token="-uO36580xZFZvVAkv05w0MjU34XWZG7BaBScwb-C2OrlEJeGjEcM0U9SkSCsGhX0zgZpNDsC0MpAI7E7CZSbr7RPgNhupE4MgwxQ2yRq1lHhhSqmMK3QX4t6gIUlAufN8xTmv3xi2eiJRYzObUlp_cfA9uyI4-A0yTSMGH6mlfk",
        oauth_version="1.0"
  response:
    status:
      code: 400
      message: Bad Request
    headers:
      Content-Length:
      - '87'
      Content-Type:
      - application/json; charset=utf-8
      Date:
      - Thu, 19 Nov 2015 04:02:24 GMT
      Server:
      - tsa_a
      Set-Cookie:
      - guest_id=v1%3A144790574441834743; Domain=.twitter.com; Path=/; Expires=Sat,
        18-Nov-2017 04:02:24 UTC
      Strict-Transport-Security:
      - max-age=631138519
      X-Connection-Hash:
      - eb1788081d4fcbb3bdf05a07a8097932
      X-Response-Time:
      - '4'
    body:
      encoding: UTF-8
      string: '{"errors":[{"code":215,"message":"Bad Authentication data."}]}'
    http_version: 
  recorded_at: Thu, 19 Nov 2015 04:02:24 GMT
- request:
    method: post
    uri: https://api.twitter.com/1.1/friendships/create.json
    body:
      encoding: US-ASCII
      string: follow=true&screen_name=bountysource
    headers:
      Accept-Encoding:
      - gzip;q=1.0,deflate;q=0.6,identity;q=0.3
      Accept:
      - "*/*"
      User-Agent:
      - OAuth gem v0.4.7
      Content-Length:
      - '0'
      Content-Type:
      - application/x-www-form-urlencoded
      Authorization:
      - OAuth oauth_consumer_key="12345", oauth_nonce="yu5oSb8S0xjNWfCDZcN7j2jF5Hqnx2dxSh0b9mkp8",
        oauth_signature="oy0Rya2p6QMGYuUFYtVS2aw%2B7dk%3D", oauth_signature_method="HMAC-SHA1",
        oauth_timestamp="1447905744", oauth_token="-uO36580xZFZvVAkv05w0MjU34XWZG7BaBScwb-C2OrlEJeGjEcM0U9SkSCsGhX0zgZpNDsC0MpAI7E7CZSbr7RPgNhupE4MgwxQ2yRq1lHhhSqmMK3QX4t6gIUlAufN8xTmv3xi2eiJRYzObUlp_cfA9uyI4-A0yTSMGH6mlfk",
        oauth_version="1.0"
  response:
    status:
      code: 400
      message: Bad Request
    headers:
      Content-Length:
      - '87'
      Content-Type:
      - application/json; charset=utf-8
      Date:
      - Thu, 19 Nov 2015 04:02:24 GMT
      Server:
      - tsa_a
      Set-Cookie:
      - guest_id=v1%3A144790574459343830; Domain=.twitter.com; Path=/; Expires=Sat,
        18-Nov-2017 04:02:24 UTC
      Strict-Transport-Security:
      - max-age=631138519
      X-Connection-Hash:
      - bc7fb0d0999ea47ac4bdf225b02a9ef9
      X-Response-Time:
      - '4'
      X-Tsa-Request-Body-Time:
      - '58'
    body:
      encoding: UTF-8
      string: '{"errors":[{"code":215,"message":"Bad Authentication data."}]}'
    http_version: 
  recorded_at: Thu, 19 Nov 2015 04:02:24 GMT
- request:
    method: post
    uri: https://api.twitter.com/1.1/friendships/create.json
    body:
      encoding: US-ASCII
      string: follow=true&screen_name=
    headers:
      Accept-Encoding:
      - gzip;q=1.0,deflate;q=0.6,identity;q=0.3
      Accept:
      - "*/*"
      User-Agent:
      - OAuth gem v0.4.7
      Content-Length:
      - '0'
      Content-Type:
      - application/x-www-form-urlencoded
      Authorization:
      - OAuth oauth_consumer_key="12345", oauth_nonce="YR4XVylhVGU8Gca9cZhxOFrAJNZjcwenbNtAKXSC5CQ",
        oauth_signature="QeZOfteKNVe0wEOj%2BhP3gaYUGtY%3D", oauth_signature_method="HMAC-SHA1",
        oauth_timestamp="1447905744", oauth_token="test", oauth_version="1.0"
  response:
    status:
      code: 401
      message: Authorization Required
    headers:
      Content-Length:
      - '87'
      Content-Type:
      - application/json; charset=utf-8
      Date:
      - Thu, 19 Nov 2015 04:02:24 GMT
      Server:
      - tsa_a
      Set-Cookie:
      - guest_id=v1%3A144790574476706048; Domain=.twitter.com; Path=/; Expires=Sat,
        18-Nov-2017 04:02:24 UTC
      Strict-Transport-Security:
      - max-age=631138519
      X-Connection-Hash:
      - 644281eb9d4c484071de182fa3908bce
      X-Response-Time:
      - '10'
      X-Tsa-Request-Body-Time:
      - '63'
    body:
      encoding: UTF-8
      string: '{"errors":[{"code":89,"message":"Invalid or expired token."}]}'
    http_version: 
  recorded_at: Thu, 19 Nov 2015 04:02:24 GMT
- request:
    method: get
    uri: https://api.twitter.com/1.1/users/show.json?screen_name=
    body:
      encoding: US-ASCII
      string: ''
    headers:
      Accept-Encoding:
      - gzip;q=1.0,deflate;q=0.6,identity;q=0.3
      Accept:
      - "*/*"
      User-Agent:
      - OAuth gem v0.4.7
      Authorization:
      - OAuth oauth_consumer_key="12345", oauth_nonce="vJnguhgK0qDxu1Jsy3N8o0g7ANNA7MrW7851tagSX8",
        oauth_signature="dwSqnAhc5Cm1soHvndXij9FI6Y4%3D", oauth_signature_method="HMAC-SHA1",
        oauth_timestamp="1447905744", oauth_token="-uO36580xZFZvVAkv05w0MjU34XWZG7BaBScwb-C2OrlEJeGjEcM0U9SkSCsGhX0zgZpNDsC0MpAI7E7CZSbr7RPgNhupE4MgwxQ2yRq1lHhhSqmMK3QX4t6gIUlAufN8xTmv3xi2eiJRYzObUlp_cfA9uyI4-A0yTSMGH6mlfk",
        oauth_version="1.0"
  response:
    status:
      code: 400
      message: Bad Request
    headers:
      Content-Length:
      - '87'
      Content-Type:
      - application/json; charset=utf-8
      Date:
      - Thu, 19 Nov 2015 04:02:24 GMT
      Server:
      - tsa_a
      Set-Cookie:
      - guest_id=v1%3A144790574490929869; Domain=.twitter.com; Path=/; Expires=Sat,
        18-Nov-2017 04:02:24 UTC
      Strict-Transport-Security:
      - max-age=631138519
      X-Connection-Hash:
      - 1e661e9e834b8743d2d277976b3e3d65
      X-Response-Time:
      - '4'
    body:
      encoding: UTF-8
      string: '{"errors":[{"code":215,"message":"Bad Authentication data."}]}'
    http_version: 
  recorded_at: Thu, 19 Nov 2015 04:02:24 GMT
- request:
    method: post
    uri: https://api.twitter.com/1.1/friendships/create.json
    body:
      encoding: US-ASCII
      string: follow=true&screen_name=bountysource
    headers:
      Accept-Encoding:
      - gzip;q=1.0,deflate;q=0.6,identity;q=0.3
      Accept:
      - "*/*"
      User-Agent:
      - OAuth gem v0.4.7
      Content-Length:
      - '0'
      Content-Type:
      - application/x-www-form-urlencoded
      Authorization:
      - OAuth oauth_consumer_key="12345", oauth_nonce="1NVe7nWpNfJOzWAQQ9EGZxEd2q8V8QKM96ENiHqhMzc",
        oauth_signature="FBojq2ZMJYQbHCqkznT3yls3Asw%3D", oauth_signature_method="HMAC-SHA1",
        oauth_timestamp="1447905744", oauth_token="-uO36580xZFZvVAkv05w0MjU34XWZG7BaBScwb-C2OrlEJeGjEcM0U9SkSCsGhX0zgZpNDsC0MpAI7E7CZSbr7RPgNhupE4MgwxQ2yRq1lHhhSqmMK3QX4t6gIUlAufN8xTmv3xi2eiJRYzObUlp_cfA9uyI4-A0yTSMGH6mlfk",
        oauth_version="1.0"
  response:
    status:
      code: 400
      message: Bad Request
    headers:
      Content-Length:
      - '87'
      Content-Type:
      - application/json; charset=utf-8
      Date:
      - Thu, 19 Nov 2015 04:02:25 GMT
      Server:
      - tsa_a
      Set-Cookie:
      - guest_id=v1%3A144790574507665117; Domain=.twitter.com; Path=/; Expires=Sat,
        18-Nov-2017 04:02:25 UTC
      Strict-Transport-Security:
      - max-age=631138519
      X-Connection-Hash:
      - 3217075144e05a5ff3280ddf6d3aa96f
      X-Response-Time:
      - '4'
      X-Tsa-Request-Body-Time:
      - '56'
    body:
      encoding: UTF-8
      string: '{"errors":[{"code":215,"message":"Bad Authentication data."}]}'
    http_version: 
  recorded_at: Thu, 19 Nov 2015 04:02:25 GMT
- request:
    method: post
    uri: https://api.twitter.com/1.1/friendships/create.json
    body:
      encoding: US-ASCII
      string: follow=true&screen_name=
    headers:
      Accept-Encoding:
      - gzip;q=1.0,deflate;q=0.6,identity;q=0.3
      Accept:
      - "*/*"
      User-Agent:
      - OAuth gem v0.4.7
      Content-Length:
      - '0'
      Content-Type:
      - application/x-www-form-urlencoded
      Authorization:
      - OAuth oauth_consumer_key="12345", oauth_nonce="yAJU8Rv6LwFdsPjDQviOVusKVUD0UfRzgg40f2MVQY",
        oauth_signature="GqexYVyNduFIzeC%2FwjoaJPMf3gc%3D", oauth_signature_method="HMAC-SHA1",
        oauth_timestamp="1447905745", oauth_token="test", oauth_version="1.0"
  response:
    status:
      code: 401
      message: Authorization Required
    headers:
      Content-Length:
      - '87'
      Content-Type:
      - application/json; charset=utf-8
      Date:
      - Thu, 19 Nov 2015 04:02:25 GMT
      Server:
      - tsa_a
      Set-Cookie:
      - guest_id=v1%3A144790574523656962; Domain=.twitter.com; Path=/; Expires=Sat,
        18-Nov-2017 04:02:25 UTC
      Strict-Transport-Security:
      - max-age=631138519
      X-Connection-Hash:
      - 746231f2d9af83425027b65c311d670e
      X-Response-Time:
      - '6'
      X-Tsa-Request-Body-Time:
      - '58'
    body:
      encoding: UTF-8
      string: '{"errors":[{"code":89,"message":"Invalid or expired token."}]}'
    http_version: 
  recorded_at: Thu, 19 Nov 2015 04:02:25 GMT
recorded_with: VCR 2.9.3
